<?xml version="1.0" encoding="UTF-8"?>
<testsuites name="jest tests" tests="1" failures="0" errors="0" time="1.162">
  <testsuite name="BedrockChat" errors="0" failures="0" skipped="0" timestamp="2025-05-23T15:33:19" time="1.138" tests="1">
    <testcase classname="BedrockChat should chat" name="BedrockChat should chat" time="0.17">
    </testcase>
  </testsuite>
</testsuites>